// Jest Snapshot v1, https://goo.gl/fbAQLP

exports[`other snapshot test for sum function 1`] = `7`;

exports[`snapshot test for sum function 1`] = `3`;
